BEGIN;
CREATE EXTENSION IF NOT EXISTS anon CASCADE;
NOTICE:  installing required extension "tsm_system_rows"
NOTICE:  installing required extension "ddlx"
-- INIT
SELECT anon.load();
 load 
------
 t
(1 row)

CREATE TABLE customer (
  id SERIAL,
  firstname TEXT,
  last_name TEXT,
  "CreditCard" TEXT
);
CREATE TABLE vendor (
  employee_id INTEGER UNIQUE,
  "Firstname" TEXT,
  lastname TEXT,
  phone_number TEXT,
  birth DATE
);
SELECT anon.detect() IS NOT NULL LIMIT 1;
 ?column? 
----------
 t
(1 row)

SELECT count(*) = 5  FROM anon.detect('fr_FR');
 ?column? 
----------
 t
(1 row)

ROLLBACK;
