CREATE DATABASE contrib_regression_test_restore;
ERROR:  database "contrib_regression_test_restore" already exists
\! psql contrib_regression_test_restore -c 'CREATE EXTENSION anon CASCADE;'
ERROR:  extension "anon" already exists
\! psql contrib_regression_test_restore -c 'SELECT anon.start_dynamic_masking();'
 start_dynamic_masking 
-----------------------
 t
(1 row)

\! pg_dump -Fc contrib_regression_test_restore > contrib_regression_test_restore.pgsql
DROP DATABASE contrib_regression_test_restore;
\! pg_restore -d postgres --role=postgres -C contrib_regression_test_restore.pgsql
DROP DATABASE contrib_regression_test_restore;
